[2026-06-04 02:01:33,571] 39 root INFO - starting building graph nodes for language
[2026-06-04 02:01:33,572] 49 root INFO - starting building graph edgesfor language
[2026-06-04 02:01:33,572] 56 root INFO - Entering into routing
[2026-06-04 02:01:34,953] 309 watchfiles.main INFO - 2 changes detected
[2026-06-04 02:01:35,309] 309 watchfiles.main INFO - 2 changes detected
[2026-06-04 02:01:40,058] 309 watchfiles.main INFO - 1 change detected
[2026-06-04 02:01:42,930] 309 watchfiles.main INFO - 1 change detected
[2026-06-04 02:01:43,285] 309 watchfiles.main INFO - 1 change detected
[2026-06-04 02:01:43,643] 309 watchfiles.main INFO - 1 change detected
[2026-06-04 02:01:44,002] 309 watchfiles.main INFO - 1 change detected
[2026-06-04 02:01:44,359] 309 watchfiles.main INFO - 1 change detected
[2026-06-04 02:01:44,717] 309 watchfiles.main INFO - 1 change detected
[2026-06-04 02:01:45,080] 309 watchfiles.main INFO - 1 change detected
[2026-06-04 02:01:45,438] 309 watchfiles.main INFO - 1 change detected
[2026-06-04 02:01:45,798] 309 watchfiles.main INFO - 1 change detected
[2026-06-04 02:01:46,157] 309 watchfiles.main INFO - 1 change detected
[2026-06-04 02:01:46,517] 309 watchfiles.main INFO - 1 change detected
[2026-06-04 02:01:46,875] 309 watchfiles.main INFO - 1 change detected
[2026-06-04 02:01:47,234] 309 watchfiles.main INFO - 1 change detected
[2026-06-04 02:01:47,591] 309 watchfiles.main INFO - 1 change detected
[2026-06-04 02:01:47,953] 309 watchfiles.main INFO - 1 change detected
[2026-06-04 02:01:48,312] 309 watchfiles.main INFO - 1 change detected
[2026-06-04 02:01:48,671] 309 watchfiles.main INFO - 1 change detected
[2026-06-04 02:01:49,030] 309 watchfiles.main INFO - 1 change detected
[2026-06-04 02:01:49,387] 309 watchfiles.main INFO - 1 change detected
[2026-06-04 02:01:49,747] 309 watchfiles.main INFO - 1 change detected
[2026-06-04 02:01:50,107] 309 watchfiles.main INFO - 1 change detected
[2026-06-04 02:01:50,466] 309 watchfiles.main INFO - 1 change detected
[2026-06-04 02:01:50,823] 309 watchfiles.main INFO - 1 change detected
[2026-06-04 02:01:51,183] 309 watchfiles.main INFO - 1 change detected
[2026-06-04 02:01:51,544] 309 watchfiles.main INFO - 1 change detected
[2026-06-04 02:01:51,904] 309 watchfiles.main INFO - 1 change detected
